[23:50:05.304] [INFO] Running addon-a11y-addon-test automigration
[23:50:05.304] [DEBUG] Extracting storybook data...
[23:50:05.304] [DEBUG] Getting Storybook info...
[23:50:05.316] [DEBUG] Loading main config...
[23:50:05.316] [DEBUG] Getting stories paths...
[23:50:05.374] [DEBUG] Getting package manager...
[23:50:05.382] [DEBUG] Getting package.json info for C:/dev/mini-crm/client/mini-crm/package.json...
[23:50:05.382] [DEBUG] Getting Storybook version...
[23:50:05.383] [DEBUG] Detecting CSF factory usage...
[23:50:05.405] [INFO] Checking possible migrations..
[23:50:05.405] [DEBUG] Running [36maddon-a11y-addon-test[39m migration checks
[23:50:05.409] [DEBUG] End of [36maddon-a11y-addon-test[39m migration checks
[23:50:05.409] [INFO] 🔎 found a '[36maddon-a11y-addon-test[39m' migration:
[23:50:05.410] [INFO] ✅ ran [36maddon-a11y-addon-test[39m migration
[23:50:05.411] [INFO] [32mMigration check ran successfully[39m
[23:50:05.411] [INFO] [1mSuccessful migrations:[22m

[32maddon-a11y-addon-test[39m

─────────────────────────────────────────────────

If you'd like to run the migrations again, you can do so by running 
[36mnpx storybook automigrate[39m

The automigrations try to migrate common patterns in your project, but might not contain everything needed to migrate to the latest version of Storybook.

Please check the changelog and migration guide for manual migrations and more information: 
https://storybook.js.org/docs/releases/migration-guide?ref=upgrade
And reach out on Discord if you need help: https://discord.gg/storybook
[23:50:05.411] [INFO] Installing dependencies...
[23:50:05.412] [DEBUG] Executing command: npm install
[23:50:05.414] [DEBUG] Resolved command variation: npm.cmd
[23:50:13.090] [ERROR] Installation of dependencies failed! {"error":"ExecaError: Command failed with exit code 1: npm.cmd install\n\nnpm warn ERESOLVE overriding peer dependency\nnpm warn While resolving: @storybook/addon-actions@8.6.14\nnpm warn Found: storybook@10.4.6\nnpm warn node_modules/storybook\nnpm warn   dev storybook@\"^10.4.6\" from the root project\nnpm warn   13 more (@storybook/builder-webpack5, ...)\nnpm warn\nnpm warn Could not resolve dependency:\nnpm warn peer storybook@\"^8.6.14\" from @storybook/addon-actions@8.6.14\nnpm warn node_modules/@storybook/addon-actions\nnpm warn   @storybook/addon-actions@\"8.6.14\" from @storybook/addon-essentials@8.6.14\nnpm warn   node_modules/@storybook/addon-essentials\nnpm warn\nnpm warn Conflicting peer dependency: storybook@8.6.18\nnpm warn node_modules/storybook\nnpm warn   peer storybook@\"^8.6.14\" from @storybook/addon-actions@8.6.14\nnpm warn   node_modules/@storybook/addon-actions\nnpm warn     @storybook/addon-actions@\"8.6.14\" from @storybook/addon-essentials@8.6.14\nnpm warn     node_modules/@storybook/addon-essentials\nnpm warn ERESOLVE overriding peer dependency\nnpm warn While resolving: @storybook/addon-backgrounds@8.6.14\nnpm warn Found: storybook@10.4.6\nnpm warn node_modules/storybook\nnpm warn   dev storybook@\"^10.4.6\" from the root project\nnpm warn   13 more (@storybook/builder-webpack5, ...)\nnpm warn\nnpm warn Could not resolve dependency:\nnpm warn peer storybook@\"^8.6.14\" from @storybook/addon-backgrounds@8.6.14\nnpm warn node_modules/@storybook/addon-backgrounds\nnpm warn   @storybook/addon-backgrounds@\"8.6.14\" from @storybook/addon-essentials@8.6.14\nnpm warn   node_modules/@storybook/addon-essentials\nnpm warn\nnpm warn Conflicting peer dependency: storybook@8.6.18\nnpm warn node_modules/storybook\nnpm warn   peer storybook@\"^8.6.14\" from @storybook/addon-backgrounds@8.6.14\nnpm warn   node_modules/@storybook/addon-backgrounds\nnpm warn     @storybook/addon-backgrounds@\"8.6.14\" from @storybook/addon-essentials@8.6.14\nnpm warn     node_modules/@storybook/addon-essentials\nnpm warn ERESOLVE overriding peer dependency\nnpm warn While resolving: @storybook/addon-controls@8.6.14\nnpm warn Found: storybook@10.4.6\nnpm warn node_modules/storybook\nnpm warn   dev storybook@\"^10.4.6\" from the root project\nnpm warn   13 more (@storybook/builder-webpack5, ...)\nnpm warn\nnpm warn Could not resolve dependency:\nnpm warn peer storybook@\"^8.6.14\" from @storybook/addon-controls@8.6.14\nnpm warn node_modules/@storybook/addon-controls\nnpm warn   @storybook/addon-controls@\"8.6.14\" from @storybook/addon-essentials@8.6.14\nnpm warn   node_modules/@storybook/addon-essentials\nnpm warn\nnpm warn Conflicting peer dependency: storybook@8.6.18\nnpm warn node_modules/storybook\nnpm warn   peer storybook@\"^8.6.14\" from @storybook/addon-controls@8.6.14\nnpm warn   node_modules/@storybook/addon-controls\nnpm warn     @storybook/addon-controls@\"8.6.14\" from @storybook/addon-essentials@8.6.14\nnpm warn     node_modules/@storybook/addon-essentials\nnpm warn ERESOLVE overriding peer dependency\nnpm error code ERESOLVE\nnpm error ERESOLVE could not resolve\nnpm error\nnpm error While resolving: @storybook/addon-essentials@8.6.14\nnpm error Found: storybook@10.4.6\nnpm error node_modules/storybook\nnpm error   dev storybook@\"^10.4.6\" from the root project\nnpm error   peer storybook@\"^10.4.6\" from @storybook/builder-webpack5@10.4.6\nnpm error   node_modules/@storybook/builder-webpack5\nnpm error     @storybook/builder-webpack5@\"10.4.6\" from @storybook/nextjs@10.4.6\nnpm error     node_modules/@storybook/nextjs\nnpm error       dev @storybook/nextjs@\"^10.4.6\" from the root project\nnpm error   12 more (@storybook/core-webpack, @storybook/nextjs, ...)\nnpm error\nnpm error Could not resolve dependency:\nnpm error peer storybook@\"^8.6.14\" from @storybook/addon-essentials@8.6.14\nnpm error node_modules/@storybook/addon-essentials\nnpm error   dev @storybook/addon-essentials@\"^8.6.14\" from the root project\nnpm error\nnpm error Conflicting peer dependency: storybook@8.6.18\nnpm error node_modules/storybook\nnpm error   peer storybook@\"^8.6.14\" from @storybook/addon-essentials@8.6.14\nnpm error   node_modules/@storybook/addon-essentials\nnpm error     dev @storybook/addon-essentials@\"^8.6.14\" from the root project\nnpm error\nnpm error Fix the upstream dependency conflict, or retry\nnpm error this command with --force or --legacy-peer-deps\nnpm error to accept an incorrect (and potentially broken) dependency resolution.\nnpm error\nnpm error\nnpm error For a full report see:\nnpm error C:\\Users\\kplat\\AppData\\Local\\npm-cache\\_logs\\2026-06-22T20_50_05_751Z-eresolve-report.txt\nnpm error A complete log of this run can be found in: C:\\Users\\kplat\\AppData\\Local\\npm-cache\\_logs\\2026-06-22T20_50_05_751Z-debug-0.log\n    at getFinalError (file:///C:/Users/kplat/AppData/Local/npm-cache/_npx/dd71a53a3aa743ba/node_modules/storybook/dist/_node-chunks/chunk-6U2XPXR7.js:11529:10)\n    at makeError (file:///C:/Users/kplat/AppData/Local/npm-cache/_npx/dd71a53a3aa743ba/node_modules/storybook/dist/_node-chunks/chunk-6U2XPXR7.js:13065:15)\n    at getAsyncResult (file:///C:/Users/kplat/AppData/Local/npm-cache/_npx/dd71a53a3aa743ba/node_modules/storybook/dist/_node-chunks/chunk-6U2XPXR7.js:15711:158)\n    at handlePromise (file:///C:/Users/kplat/AppData/Local/npm-cache/_npx/dd71a53a3aa743ba/node_modules/storybook/dist/_node-chunks/chunk-6U2XPXR7.js:15697:162)\n    at async Object.executeTaskWithSpinner (file:///C:/Users/kplat/AppData/Local/npm-cache/_npx/dd71a53a3aa743ba/node_modules/storybook/dist/_node-chunks/chunk-YBD2A4LF.js:3683:11)\n    at async NPMProxy.installDependencies (file:///C:/Users/kplat/AppData/Local/npm-cache/_npx/dd71a53a3aa743ba/node_modules/storybook/dist/_node-chunks/chunk-6U2XPXR7.js:9679:5)\n    at async NPMProxy.installDependencies (file:///C:/Users/kplat/AppData/Local/npm-cache/_npx/dd71a53a3aa743ba/node_modules/storybook/dist/_node-chunks/chunk-6U2XPXR7.js:16436:7)\n    at async doAutomigrate (file:///C:/Users/kplat/AppData/Local/npm-cache/_npx/dd71a53a3aa743ba/node_modules/@storybook/cli/dist/_node-chunks/run-RM7XIKWA.js:8223:32)\n    at async file:///C:/Users/kplat/AppData/Local/npm-cache/_npx/dd71a53a3aa743ba/node_modules/@storybook/cli/dist/_node-chunks/run-RM7XIKWA.js:10614:90\n    at async withTelemetry (file:///C:/Users/kplat/AppData/Local/npm-cache/_npx/dd71a53a3aa743ba/node_modules/storybook/dist/_node-chunks/chunk-G7NXW2C2.js:650:12)"}
[23:50:13.090] [ERROR] [38;2;241;97;97mExecaError: Command failed with exit code 1: npm.cmd install

npm warn ERESOLVE overriding peer dependency
npm warn While resolving: @storybook/addon-actions@8.6.14
npm warn Found: storybook@10.4.6
npm warn node_modules/storybook
npm warn   dev storybook@"^10.4.6" from the root project
npm warn   13 more (@storybook/builder-webpack5, ...)
npm warn
npm warn Could not resolve dependency:
npm warn peer storybook@"^8.6.14" from @storybook/addon-actions@8.6.14
npm warn node_modules/@storybook/addon-actions
npm warn   @storybook/addon-actions@"8.6.14" from @storybook/addon-essentials@8.6.14
npm warn   node_modules/@storybook/addon-essentials
npm warn
npm warn Conflicting peer dependency: storybook@8.6.18
npm warn node_modules/storybook
npm warn   peer storybook@"^8.6.14" from @storybook/addon-actions@8.6.14
npm warn   node_modules/@storybook/addon-actions
npm warn     @storybook/addon-actions@"8.6.14" from @storybook/addon-essentials@8.6.14
npm warn     node_modules/@storybook/addon-essentials
npm warn ERESOLVE overriding peer dependency
npm warn While resolving: @storybook/addon-backgrounds@8.6.14
npm warn Found: storybook@10.4.6
npm warn node_modules/storybook
npm warn   dev storybook@"^10.4.6" from the root project
npm warn   13 more (@storybook/builder-webpack5, ...)
npm warn
npm warn Could not resolve dependency:
npm warn peer storybook@"^8.6.14" from @storybook/addon-backgrounds@8.6.14
npm warn node_modules/@storybook/addon-backgrounds
npm warn   @storybook/addon-backgrounds@"8.6.14" from @storybook/addon-essentials@8.6.14
npm warn   node_modules/@storybook/addon-essentials
npm warn
npm warn Conflicting peer dependency: storybook@8.6.18
npm warn node_modules/storybook
npm warn   peer storybook@"^8.6.14" from @storybook/addon-backgrounds@8.6.14
npm warn   node_modules/@storybook/addon-backgrounds
npm warn     @storybook/addon-backgrounds@"8.6.14" from @storybook/addon-essentials@8.6.14
npm warn     node_modules/@storybook/addon-essentials
npm warn ERESOLVE overriding peer dependency
npm warn While resolving: @storybook/addon-controls@8.6.14
npm warn Found: storybook@10.4.6
npm warn node_modules/storybook
npm warn   dev storybook@"^10.4.6" from the root project
npm warn   13 more (@storybook/builder-webpack5, ...)
npm warn
npm warn Could not resolve dependency:
npm warn peer storybook@"^8.6.14" from @storybook/addon-controls@8.6.14
npm warn node_modules/@storybook/addon-controls
npm warn   @storybook/addon-controls@"8.6.14" from @storybook/addon-essentials@8.6.14
npm warn   node_modules/@storybook/addon-essentials
npm warn
npm warn Conflicting peer dependency: storybook@8.6.18
npm warn node_modules/storybook
npm warn   peer storybook@"^8.6.14" from @storybook/addon-controls@8.6.14
npm warn   node_modules/@storybook/addon-controls
npm warn     @storybook/addon-controls@"8.6.14" from @storybook/addon-essentials@8.6.14
npm warn     node_modules/@storybook/addon-essentials
npm warn ERESOLVE overriding peer dependency
npm error code ERESOLVE
npm error ERESOLVE could not resolve
npm error
npm error While resolving: @storybook/addon-essentials@8.6.14
npm error Found: storybook@10.4.6
npm error node_modules/storybook
npm error   dev storybook@"^10.4.6" from the root project
npm error   peer storybook@"^10.4.6" from @storybook/builder-webpack5@10.4.6
npm error   node_modules/@storybook/builder-webpack5
npm error     @storybook/builder-webpack5@"10.4.6" from @storybook/nextjs@10.4.6
npm error     node_modules/@storybook/nextjs
npm error       dev @storybook/nextjs@"^10.4.6" from the root project
npm error   12 more (@storybook/core-webpack, @storybook/nextjs, ...)
npm error
npm error Could not resolve dependency:
npm error peer storybook@"^8.6.14" from @storybook/addon-essentials@8.6.14
npm error node_modules/@storybook/addon-essentials
npm error   dev @storybook/addon-essentials@"^8.6.14" from the root project
npm error
npm error Conflicting peer dependency: storybook@8.6.18
npm error node_modules/storybook
npm error   peer storybook@"^8.6.14" from @storybook/addon-essentials@8.6.14
npm error   node_modules/@storybook/addon-essentials
npm error     dev @storybook/addon-essentials@"^8.6.14" from the root project
npm error
npm error Fix the upstream dependency conflict, or retry
npm error this command with --force or --legacy-peer-deps
npm error to accept an incorrect (and potentially broken) dependency resolution.
npm error
npm error
npm error For a full report see:
npm error C:\Users\kplat\AppData\Local\npm-cache\_logs\2026-06-22T20_50_05_751Z-eresolve-report.txt
npm error A complete log of this run can be found in: C:\Users\kplat\AppData\Local\npm-cache\_logs\2026-06-22T20_50_05_751Z-debug-0.log[39m
    at getFinalError (file:///C:/Users/kplat/AppData/Local/npm-cache/_npx/dd71a53a3aa743ba/node_modules/storybook/dist/_node-chunks/chunk-6U2XPXR7.js:11529:10)
    at makeError (file:///C:/Users/kplat/AppData/Local/npm-cache/_npx/dd71a53a3aa743ba/node_modules/storybook/dist/_node-chunks/chunk-6U2XPXR7.js:13065:15)
    at getAsyncResult (file:///C:/Users/kplat/AppData/Local/npm-cache/_npx/dd71a53a3aa743ba/node_modules/storybook/dist/_node-chunks/chunk-6U2XPXR7.js:15711:158)
    at handlePromise (file:///C:/Users/kplat/AppData/Local/npm-cache/_npx/dd71a53a3aa743ba/node_modules/storybook/dist/_node-chunks/chunk-6U2XPXR7.js:15697:162)
    at async Object.executeTaskWithSpinner (file:///C:/Users/kplat/AppData/Local/npm-cache/_npx/dd71a53a3aa743ba/node_modules/storybook/dist/_node-chunks/chunk-YBD2A4LF.js:3683:11)
    at async NPMProxy.installDependencies (file:///C:/Users/kplat/AppData/Local/npm-cache/_npx/dd71a53a3aa743ba/node_modules/storybook/dist/_node-chunks/chunk-6U2XPXR7.js:9679:5)
    at async NPMProxy.installDependencies (file:///C:/Users/kplat/AppData/Local/npm-cache/_npx/dd71a53a3aa743ba/node_modules/storybook/dist/_node-chunks/chunk-6U2XPXR7.js:16436:7)
    at async doAutomigrate (file:///C:/Users/kplat/AppData/Local/npm-cache/_npx/dd71a53a3aa743ba/node_modules/@storybook/cli/dist/_node-chunks/run-RM7XIKWA.js:8223:32)
    at async file:///C:/Users/kplat/AppData/Local/npm-cache/_npx/dd71a53a3aa743ba/node_modules/@storybook/cli/dist/_node-chunks/run-RM7XIKWA.js:10614:90
    at async withTelemetry (file:///C:/Users/kplat/AppData/Local/npm-cache/_npx/dd71a53a3aa743ba/node_modules/storybook/dist/_node-chunks/chunk-G7NXW2C2.js:650:12)
[23:50:13.975] [ERROR] ExecaError: Command failed with exit code 1: npm.cmd install

npm warn ERESOLVE overriding peer dependency
npm warn While resolving: @storybook/addon-actions@8.6.14
npm warn Found: storybook@10.4.6
npm warn node_modules/storybook
npm warn   dev storybook@"^10.4.6" from the root project
npm warn   13 more (@storybook/builder-webpack5, ...)
npm warn
npm warn Could not resolve dependency:
npm warn peer storybook@"^8.6.14" from @storybook/addon-actions@8.6.14
npm warn node_modules/@storybook/addon-actions
npm warn   @storybook/addon-actions@"8.6.14" from @storybook/addon-essentials@8.6.14
npm warn   node_modules/@storybook/addon-essentials
npm warn
npm warn Conflicting peer dependency: storybook@8.6.18
npm warn node_modules/storybook
npm warn   peer storybook@"^8.6.14" from @storybook/addon-actions@8.6.14
npm warn   node_modules/@storybook/addon-actions
npm warn     @storybook/addon-actions@"8.6.14" from @storybook/addon-essentials@8.6.14
npm warn     node_modules/@storybook/addon-essentials
npm warn ERESOLVE overriding peer dependency
npm warn While resolving: @storybook/addon-backgrounds@8.6.14
npm warn Found: storybook@10.4.6
npm warn node_modules/storybook
npm warn   dev storybook@"^10.4.6" from the root project
npm warn   13 more (@storybook/builder-webpack5, ...)
npm warn
npm warn Could not resolve dependency:
npm warn peer storybook@"^8.6.14" from @storybook/addon-backgrounds@8.6.14
npm warn node_modules/@storybook/addon-backgrounds
npm warn   @storybook/addon-backgrounds@"8.6.14" from @storybook/addon-essentials@8.6.14
npm warn   node_modules/@storybook/addon-essentials
npm warn
npm warn Conflicting peer dependency: storybook@8.6.18
npm warn node_modules/storybook
npm warn   peer storybook@"^8.6.14" from @storybook/addon-backgrounds@8.6.14
npm warn   node_modules/@storybook/addon-backgrounds
npm warn     @storybook/addon-backgrounds@"8.6.14" from @storybook/addon-essentials@8.6.14
npm warn     node_modules/@storybook/addon-essentials
npm warn ERESOLVE overriding peer dependency
npm warn While resolving: @storybook/addon-controls@8.6.14
npm warn Found: storybook@10.4.6
npm warn node_modules/storybook
npm warn   dev storybook@"^10.4.6" from the root project
npm warn   13 more (@storybook/builder-webpack5, ...)
npm warn
npm warn Could not resolve dependency:
npm warn peer storybook@"^8.6.14" from @storybook/addon-controls@8.6.14
npm warn node_modules/@storybook/addon-controls
npm warn   @storybook/addon-controls@"8.6.14" from @storybook/addon-essentials@8.6.14
npm warn   node_modules/@storybook/addon-essentials
npm warn
npm warn Conflicting peer dependency: storybook@8.6.18
npm warn node_modules/storybook
npm warn   peer storybook@"^8.6.14" from @storybook/addon-controls@8.6.14
npm warn   node_modules/@storybook/addon-controls
npm warn     @storybook/addon-controls@"8.6.14" from @storybook/addon-essentials@8.6.14
npm warn     node_modules/@storybook/addon-essentials
npm warn ERESOLVE overriding peer dependency
npm error code ERESOLVE
npm error ERESOLVE could not resolve
npm error
npm error While resolving: @storybook/addon-essentials@8.6.14
npm error Found: storybook@10.4.6
npm error node_modules/storybook
npm error   dev storybook@"^10.4.6" from the root project
npm error   peer storybook@"^10.4.6" from @storybook/builder-webpack5@10.4.6
npm error   node_modules/@storybook/builder-webpack5
npm error     @storybook/builder-webpack5@"10.4.6" from @storybook/nextjs@10.4.6
npm error     node_modules/@storybook/nextjs
npm error       dev @storybook/nextjs@"^10.4.6" from the root project
npm error   12 more (@storybook/core-webpack, @storybook/nextjs, ...)
npm error
npm error Could not resolve dependency:
npm error peer storybook@"^8.6.14" from @storybook/addon-essentials@8.6.14
npm error node_modules/@storybook/addon-essentials
npm error   dev @storybook/addon-essentials@"^8.6.14" from the root project
npm error
npm error Conflicting peer dependency: storybook@8.6.18
npm error node_modules/storybook
npm error   peer storybook@"^8.6.14" from @storybook/addon-essentials@8.6.14
npm error   node_modules/@storybook/addon-essentials
npm error     dev @storybook/addon-essentials@"^8.6.14" from the root project
npm error
npm error Fix the upstream dependency conflict, or retry
npm error this command with --force or --legacy-peer-deps
npm error to accept an incorrect (and potentially broken) dependency resolution.
npm error
npm error
npm error For a full report see:
npm error C:\Users\kplat\AppData\Local\npm-cache\_logs\2026-06-22T20_50_05_751Z-eresolve-report.txt
npm error A complete log of this run can be found in: C:\Users\kplat\AppData\Local\npm-cache\_logs\2026-06-22T20_50_05_751Z-debug-0.log